PS C:\Users\18082\Desktop\python\class\week3\todo2> npm install yo-yo
npm WARN saveError ENOENT: no such file or directory, open 'C:\Users\18082\Desktop\python\package.json'
npm WARN enoent ENOENT: no such file or directory, open 'C:\Users\18082\Desktop\python\package.json'
npm WARN python No repository field.
npm WARN python No README data
npm WARN python No license field.

+ yo-yo@1.4.1
added 11 packages from 10 contributors and audited 330 packages in 13.51s

12 packages are looking for funding

found 0 vulnerabilities

PS C:\Users\18082\Desktop\python\class\week3\todo2> browserify --standalone yo index.js > yo-yo.js
Error: Can't walk dependency graph: Cannot find module 'C:\Users\18082\Desktop\python\class\week3\todo2\index.js' from 'C:\Users\18082\Desktop\python\class\week3\todo2\_fake.js'
    required by C:\Users\18082\Desktop\python\class\week3\todo2\_fake.js
    at C:\Users\18082\AppData\Roaming\npm\node_modules\browserify\node_modules\resolve\lib\async.js:158:35
    at onex (C:\Users\18082\AppData\Roaming\npm\node_modules\browserify\node_modules\resolve\lib\async.js:202:17)
    at C:\Users\18082\AppData\Roaming\npm\node_modules\browserify\node_modules\resolve\lib\async.js:15:69
    at FSReqCallback.oncomplete (fs.js:183:21)
PS C:\Users\18082\Desktop\python\class\week3\todo2> browserify --standalone yo index.js > yo-yo.js
Error: Can't walk dependency graph: Cannot find module 'C:\Users\18082\Desktop\python\class\week3\todo2\index.js' from 'C:\Users\18082\Desktop\python\class\week3\todo2\_fake.js'
    required by C:\Users\18082\Desktop\python\class\week3\todo2\_fake.js
    at C:\Users\18082\AppData\Roaming\npm\node_modules\browserify\node_modules\resolve\lib\async.js:158:35
    at load (C:\Users\18082\AppData\Roaming\npm\node_modules\browserify\node_modules\resolve\lib\async.js:177:43)
    at onex (C:\Users\18082\AppData\Roaming\npm\node_modules\browserify\node_modules\resolve\lib\async.js:202:17)
    at C:\Users\18082\AppData\Roaming\npm\node_modules\browserify\node_modules\resolve\lib\async.js:15:69
    at FSReqCallback.oncomplete (fs.js:183:21)
PS C:\Users\18082\Desktop\python\class\week3\todo2> npm install browserify
npm WARN saveError ENOENT: no such file or directory, open 'C:\Users\18082\Desktop\python\package.json'
npm WARN enoent ENOENT: no such file or directory, open 'C:\Users\18082\Desktop\python\package.json'
npm WARN python No repository field.
npm WARN python No README data
npm WARN python No license field.

+ browserify@17.0.0
added 162 packages from 120 contributors and audited 500 packages in 28.246s

45 packages are looking for funding

found 0 vulnerabilities

PS C:\Users\18082\Desktop\python\class\week3\todo2> browserify --standalone yo index.js > yo-yo.js
Error: Can't walk dependency graph: Cannot find module 'C:\Users\18082\Desktop\python\class\week3\todo2\index.js' from 'C:\Users\18082\Desktop\python\class\week3\todo2\_fake.js'
    required by C:\Users\18082\Desktop\python\class\week3\todo2\_fake.js
    at C:\Users\18082\AppData\Roaming\npm\node_modules\browserify\node_modules\resolve\lib\async.js:158:35
    at load (C:\Users\18082\AppData\Roaming\npm\node_modules\browserify\node_modules\resolve\lib\async.js:177:43)
    at onex (C:\Users\18082\AppData\Roaming\npm\node_modules\browserify\node_modules\resolve\lib\async.js:202:17)
PS C:\Users\18082\Desktop\python\class\week3\todo2>
PS C:\Users\18082\Desktop\python\class\week3\todo2>
PS C:\Users\18082\Desktop\python\class\week3\todo2>
PS C:\Users\18082\Desktop\python\class\week3\todo2>
PS C:\Users\18082\Desktop\python\class\week3\todo2>
PS C:\Users\18082\Desktop\python\class\week3\todo2>
PS C:\Users\18082\Desktop\python\class\week3\todo2>
PS C:\Users\18082\Desktop\python\class\week3\todo2>
PS C:\Users\18082\Desktop\python\class\week3\todo2>
PS C:\Users\18082\Desktop\python\class\week3\todo2>
PS C:\Users\18082\Desktop\python\class\week3\todo2>
PS C:\Users\18082\Desktop\python\class\week3\todo2> browserify --standalone yo index.js > yo-yo.js
Error: Can't walk dependency graph: Cannot find module 'C:\Users\18082\Desktop\python\class\week3\todo2\index.js' from 'C:\Users\18082\Desktop\python\class\week3\todo2\_fake.js'                                                                     Users\18082\Desktop\python\clas
    required by C:\Users\18082\Desktop\python\class\week3\todo2\_fake.js
    at C:\Users\18082\AppData\Roaming\npm\node_modules\browserify\node_modules\resolve\lib\async.js:158:35
    at load (C:\Users\18082\AppData\Roaming\npm\node_modules\browserify\node_modules\resolve\lib\async.js:177:43)
    at onex (C:\Users\18082\AppData\Roaming\npm\node_modules\browserify\node_modules\resolve\lib\async.js:202:17)
    at C:\Users\18082\AppData\Roaming\npm\node_modules\browserify\node_modules\resolve\lib\async.js:15:69
    at FSReqCallback.oncomplete (fs.js:183:21)
PS C:\Users\18082\Desktop\python\class\week3\todo2> npm run watch

> todo-list-browserify-solution@1.0.0 watch C:\Users\18082\Desktop\python\class\week3\todo2
> watchify main.js -o bundle.js

'watchify' is not recognized as an internal or external command,
operable program or batch file.
npm ERR! code ELIFECYCLE
npm ERR! errno 1
npm ERR! Exit status 1
npm ERR!
npm ERR! Failed at the todo-list-browserify-solution@1.0.0 watch script.
npm ERR! This is probably not a problem with npm. There is likely additional logging output above.
npm WARN Local package.json exists, but node_modules missing, did you mean to install?

npm ERR! A complete log of this run can be found in:
npm ERR!     C:\Users\18082\AppData\Roaming\npm-cache\_logs\2021-04-22T02_23_31_890Z-debug.log
PS C:\Users\18082\Desktop\python\class\week3\todo2> npm install    
npm notice created a lockfile as package-lock.json. You should commit this file.
npm WARN optional SKIPPING OPTIONAL DEPENDENCY: fsevents@~2.3.1 (node_modules\chokidar\node_modules\fsevents):
(current: {"os":"win32","arch":"x64"})
npm WARN todo-list-browserify-solution@1.0.0 No description
npm WARN todo-list-browserify-solution@1.0.0 No repository field.

added 195 packages from 141 contributors and audited 196 packages in 13.852s

34 packages are looking for funding
  run `npm fund` for details

found 0 vulnerabilities

PS C:\Users\18082\Desktop\python\class\week3\todo2> npm run watch

> todo-list-browserify-solution@1.0.0 watch C:\Users\18082\Desktop\python\class\week3\todo2
> watchify main.js -o bundle.js

Error: Can't walk dependency graph: Cannot find module 'C:\Users\18082\Desktop\python\class\week3\todo2\main.js' from 'C:\Users\18082\Desktop\python\class\week3\todo2\_fake.js'
    required by C:\Users\18082\Desktop\python\class\week3\todo2\_fake.js
PS C:\Users\18082\Desktop\python\class\week3\todo2> npm run watch

> todo-list-browserify-solution@1.0.0 watch C:\Users\18082\Desktop\python\class\week3\todo2
> watchify main2.js -o bundle.js

Error: Can't walk dependency graph: Cannot find module './render' from 'C:\Users\18082\Desktop\python\class\week3\todo2\main2.js'
    required by C:\Users\18082\Desktop\python\class\week3\todo2\main2.js
Error: Can't walk dependency graph: Cannot find module './todo' from 'C:\Users\18082\Desktop\python\class\week3\todo2\render2.js'
    required by C:\Users\18082\Desktop\python\class\week3\todo2\render2.js
Terminate batch job (Y/N)? y
PS C:\Users\18082\Desktop\python\class\week3\todo2> npm run watch

> todo-list-browserify-solution@1.0.0 watch C:\Users\18082\Desktop\python\class\week3\todo2
> watchify main2.js -o bundle.js

Error: Can't walk dependency graph: Cannot find module './todo' from 'C:\Users\18082\Desktop\python\class\week3\todo2\render2.js'
    required by C:\Users\18082\Desktop\python\class\week3\todo2\render2.js
Terminate batch job (Y/N)? y
PS C:\Users\18082\Desktop\python\class\week3\todo2> npm run watch

> todo-list-browserify-solution@1.0.0 watch C:\Users\18082\Desktop\python\class\week3\todo2
> watchify main2.js -o bundle.js

Terminate batch job (Y/N)? [